// Vitest Snapshot v1

exports[`addButton 1`] = `"<div><button class=\\"vs-cc-bar__button btn-example-class\\">Example</button></div>"`;
