// Vitest Snapshot v1, https://vitest.dev/guide/snapshot.html

exports[`addGaScripts 1`] = `"<body><noscript id="vs-cc-noscript"><iframe src="https://www.googletagmanager.com/ns.html?id=GA-123" width="0" height="0" style="display:none;visibility:hidden"></iframe></noscript></body>"`;

exports[`addGaScripts 2`] = `
"<head><script async="" src="https://www.googletagmanager.com/gtm.js?id=GA-123"></script><script id="vs-cc-script">
  (function(w,d,s,l,i){w[l]=w[l]||[];w[l].push({'gtm.start':
  new Date().getTime(),event:'gtm.js'});var f=d.getElementsByTagName(s)[0],
  j=d.createElement(s),dl=l!='dataLayer'?'&amp;l='+l:'';j.async=true;j.src=
  'https://www.googletagmanager.com/gtm.js?id='+i+dl;f.parentNode.insertBefore(j,f);
  })(window,document,'script','dataLayer','GA-123');
  </script></head>"
`;
